Archive member included to satisfy reference by file (symbol)

c:/gcc/gcc-arm-none-eabi-10.3-2021.10/bin/../lib/gcc/arm-none-eabi/10.3.1/thumb/v7e-m+fp/hard\libgcc.a(_aeabi_uldivmod.o)
                              CMakeFiles/BLDCF407.elf.dir/Drivers/STM32F4xx_HAL_Driver/Src/stm32f4xx_hal_rcc.c.obj (__aeabi_uldivmod)
c:/gcc/gcc-arm-none-eabi-10.3-2021.10/bin/../lib/gcc/arm-none-eabi/10.3.1/thumb/v7e-m+fp/hard\libgcc.a(_udivmoddi4.o)
                              c:/gcc/gcc-arm-none-eabi-10.3-2021.10/bin/../lib/gcc/arm-none-eabi/10.3.1/thumb/v7e-m+fp/hard\libgcc.a(_aeabi_uldivmod.o) (__udivmoddi4)
c:/gcc/gcc-arm-none-eabi-10.3-2021.10/bin/../lib/gcc/arm-none-eabi/10.3.1/thumb/v7e-m+fp/hard\libgcc.a(_dvmd_tls.o)
                              c:/gcc/gcc-arm-none-eabi-10.3-2021.10/bin/../lib/gcc/arm-none-eabi/10.3.1/thumb/v7e-m+fp/hard\libgcc.a(_aeabi_uldivmod.o) (__aeabi_ldiv0)
c:/gcc/gcc-arm-none-eabi-10.3-2021.10/bin/../lib/gcc/arm-none-eabi/10.3.1/../../../../arm-none-eabi/lib/thumb/v7e-m+fp/hard\libg.a(lib_a-errno.o)
                              CMakeFiles/BLDCF407.elf.dir/Core/Src/syscalls.c.obj (__errno)
c:/gcc/gcc-arm-none-eabi-10.3-2021.10/bin/../lib/gcc/arm-none-eabi/10.3.1/../../../../arm-none-eabi/lib/thumb/v7e-m+fp/hard\libg.a(lib_a-exit.o)
                              c:/gcc/gcc-arm-none-eabi-10.3-2021.10/bin/../lib/gcc/arm-none-eabi/10.3.1/../../../../arm-none-eabi/lib/thumb/v7e-m+fp/hard/crt0.o (exit)
c:/gcc/gcc-arm-none-eabi-10.3-2021.10/bin/../lib/gcc/arm-none-eabi/10.3.1/../../../../arm-none-eabi/lib/thumb/v7e-m+fp/hard\libg.a(lib_a-impure.o)
                              c:/gcc/gcc-arm-none-eabi-10.3-2021.10/bin/../lib/gcc/arm-none-eabi/10.3.1/../../../../arm-none-eabi/lib/thumb/v7e-m+fp/hard\libg.a(lib_a-exit.o) (_global_impure_ptr)
c:/gcc/gcc-arm-none-eabi-10.3-2021.10/bin/../lib/gcc/arm-none-eabi/10.3.1/../../../../arm-none-eabi/lib/thumb/v7e-m+fp/hard\libg.a(lib_a-init.o)
                              c:/gcc/gcc-arm-none-eabi-10.3-2021.10/bin/../lib/gcc/arm-none-eabi/10.3.1/../../../../arm-none-eabi/lib/thumb/v7e-m+fp/hard/crt0.o (__libc_init_array)
c:/gcc/gcc-arm-none-eabi-10.3-2021.10/bin/../lib/gcc/arm-none-eabi/10.3.1/../../../../arm-none-eabi/lib/thumb/v7e-m+fp/hard\libg.a(lib_a-memcpy.o)
                              CMakeFiles/BLDCF407.elf.dir/Middlewares/Third_Party/FreeRTOS/Source/queue.c.obj (memcpy)
c:/gcc/gcc-arm-none-eabi-10.3-2021.10/bin/../lib/gcc/arm-none-eabi/10.3.1/../../../../arm-none-eabi/lib/thumb/v7e-m+fp/hard\libg.a(lib_a-memset.o)
                              c:/gcc/gcc-arm-none-eabi-10.3-2021.10/bin/../lib/gcc/arm-none-eabi/10.3.1/../../../../arm-none-eabi/lib/thumb/v7e-m+fp/hard/crt0.o (memset)
c:/gcc/gcc-arm-none-eabi-10.3-2021.10/bin/../lib/gcc/arm-none-eabi/10.3.1/../../../../arm-none-eabi/lib/thumb/v7e-m+fp/hard\libg.a(lib_a-__call_atexit.o)
                              c:/gcc/gcc-arm-none-eabi-10.3-2021.10/bin/../lib/gcc/arm-none-eabi/10.3.1/../../../../arm-none-eabi/lib/thumb/v7e-m+fp/hard\libg.a(lib_a-exit.o) (__call_exitprocs)
c:/gcc/gcc-arm-none-eabi-10.3-2021.10/bin/../lib/gcc/arm-none-eabi/10.3.1/../../../../arm-none-eabi/lib/thumb/v7e-m+fp/hard\libg.a(lib_a-atexit.o)
                              c:/gcc/gcc-arm-none-eabi-10.3-2021.10/bin/../lib/gcc/arm-none-eabi/10.3.1/../../../../arm-none-eabi/lib/thumb/v7e-m+fp/hard\libg.a(lib_a-__call_atexit.o) (atexit)
c:/gcc/gcc-arm-none-eabi-10.3-2021.10/bin/../lib/gcc/arm-none-eabi/10.3.1/../../../../arm-none-eabi/lib/thumb/v7e-m+fp/hard\libg.a(lib_a-fini.o)
                              c:/gcc/gcc-arm-none-eabi-10.3-2021.10/bin/../lib/gcc/arm-none-eabi/10.3.1/../../../../arm-none-eabi/lib/thumb/v7e-m+fp/hard\libg.a(lib_a-__call_atexit.o) (__libc_fini_array)
c:/gcc/gcc-arm-none-eabi-10.3-2021.10/bin/../lib/gcc/arm-none-eabi/10.3.1/../../../../arm-none-eabi/lib/thumb/v7e-m+fp/hard\libg.a(lib_a-lock.o)
                              c:/gcc/gcc-arm-none-eabi-10.3-2021.10/bin/../lib/gcc/arm-none-eabi/10.3.1/../../../../arm-none-eabi/lib/thumb/v7e-m+fp/hard\libg.a(lib_a-__call_atexit.o) (__retarget_lock_acquire_recursive)
c:/gcc/gcc-arm-none-eabi-10.3-2021.10/bin/../lib/gcc/arm-none-eabi/10.3.1/../../../../arm-none-eabi/lib/thumb/v7e-m+fp/hard\libg.a(lib_a-__atexit.o)
                              c:/gcc/gcc-arm-none-eabi-10.3-2021.10/bin/../lib/gcc/arm-none-eabi/10.3.1/../../../../arm-none-eabi/lib/thumb/v7e-m+fp/hard\libg.a(lib_a-atexit.o) (__register_exitproc)

Discarded input sections

 .text          0x00000000        0x0 c:/gcc/gcc-arm-none-eabi-10.3-2021.10/bin/../lib/gcc/arm-none-eabi/10.3.1/thumb/v7e-m+fp/hard/crti.o
 .data          0x00000000        0x0 c:/gcc/gcc-arm-none-eabi-10.3-2021.10/bin/../lib/gcc/arm-none-eabi/10.3.1/thumb/v7e-m+fp/hard/crti.o
 .bss           0x00000000        0x0 c:/gcc/gcc-arm-none-eabi-10.3-2021.10/bin/../lib/gcc/arm-none-eabi/10.3.1/thumb/v7e-m+fp/hard/crti.o
[...]
Memory Configuration

Name             Origin             Length             Attributes
CCMRAM           0x10000000         0x00010000         xrw
RAM              0x20000000         0x00020000         xrw
FLASH            0x08000000         0x00100000         xr
*default*        0x00000000         0xffffffff

Linker script and memory map

LOAD c:/gcc/gcc-arm-none-eabi-10.3-2021.10/bin/../lib/gcc/arm-none-eabi/10.3.1/thumb/v7e-m+fp/hard/crti.o
LOAD c:/gcc/gcc-arm-none-eabi-10.3-2021.10/bin/../lib/gcc/arm-none-eabi/10.3.1/thumb/v7e-m+fp/hard/crtbegin.o
LOAD c:/gcc/gcc-arm-none-eabi-10.3-2021.10/bin/../lib/gcc/arm-none-eabi/10.3.1/../../../../arm-none-eabi/lib/thumb/v7e-m+fp/hard/crt0.o
LOAD CMakeFiles/BLDCF407.elf.dir/Core/Src/adc.c.obj
LOAD CMakeFiles/BLDCF407.elf.dir/Core/Src/bsp_DRV8303.c.obj
LOAD CMakeFiles/BLDCF407.elf.dir/Core/Src/bsp_led.c.obj
LOAD CMakeFiles/BLDCF407.elf.dir/Core/Src/core_delay.c.obj
LOAD CMakeFiles/BLDCF407.elf.dir/Core/Src/freertos.c.obj
LOAD CMakeFiles/BLDCF407.elf.dir/Core/Src/gpio.c.obj
LOAD CMakeFiles/BLDCF407.elf.dir/Core/Src/main.c.obj
LOAD CMakeFiles/BLDCF407.elf.dir/Core/Src/spi.c.obj
LOAD CMakeFiles/BLDCF407.elf.dir/Core/Src/stm32f4xx_hal_msp.c.obj
LOAD CMakeFiles/BLDCF407.elf.dir/Core/Src/stm32f4xx_it.c.obj
LOAD CMakeFiles/BLDCF407.elf.dir/Core/Src/syscalls.c.obj
LOAD CMakeFiles/BLDCF407.elf.dir/Core/Src/sysmem.c.obj
LOAD CMakeFiles/BLDCF407.elf.dir/Core/Src/system_stm32f4xx.c.obj
LOAD CMakeFiles/BLDCF407.elf.dir/Core/Startup/startup_stm32f407igtx.s.obj
LOAD CMakeFiles/BLDCF407.elf.dir/Drivers/STM32F4xx_HAL_Driver/Src/stm32f4xx_hal.c.obj
LOAD CMakeFiles/BLDCF407.elf.dir/Drivers/STM32F4xx_HAL_Driver/Src/stm32f4xx_hal_adc.c.obj
LOAD CMakeFiles/BLDCF407.elf.dir/Drivers/STM32F4xx_HAL_Driver/Src/stm32f4xx_hal_adc_ex.c.obj
LOAD CMakeFiles/BLDCF407.elf.dir/Drivers/STM32F4xx_HAL_Driver/Src/stm32f4xx_hal_cortex.c.obj
LOAD CMakeFiles/BLDCF407.elf.dir/Drivers/STM32F4xx_HAL_Driver/Src/stm32f4xx_hal_dma.c.obj
LOAD CMakeFiles/BLDCF407.elf.dir/Drivers/STM32F4xx_HAL_Driver/Src/stm32f4xx_hal_dma_ex.c.obj
LOAD CMakeFiles/BLDCF407.elf.dir/Drivers/STM32F4xx_HAL_Driver/Src/stm32f4xx_hal_exti.c.obj
LOAD CMakeFiles/BLDCF407.elf.dir/Drivers/STM32F4xx_HAL_Driver/Src/stm32f4xx_hal_flash.c.obj
LOAD CMakeFiles/BLDCF407.elf.dir/Drivers/STM32F4xx_HAL_Driver/Src/stm32f4xx_hal_flash_ex.c.obj
LOAD CMakeFiles/BLDCF407.elf.dir/Drivers/STM32F4xx_HAL_Driver/Src/stm32f4xx_hal_flash_ramfunc.c.obj
LOAD CMakeFiles/BLDCF407.elf.dir/Drivers/STM32F4xx_HAL_Driver/Src/stm32f4xx_hal_gpio.c.obj
LOAD CMakeFiles/BLDCF407.elf.dir/Drivers/STM32F4xx_HAL_Driver/Src/stm32f4xx_hal_pwr.c.obj
LOAD CMakeFiles/BLDCF407.elf.dir/Drivers/STM32F4xx_HAL_Driver/Src/stm32f4xx_hal_pwr_ex.c.obj
LOAD CMakeFiles/BLDCF407.elf.dir/Drivers/STM32F4xx_HAL_Driver/Src/stm32f4xx_hal_rcc.c.obj
LOAD CMakeFiles/BLDCF407.elf.dir/Drivers/STM32F4xx_HAL_Driver/Src/stm32f4xx_hal_rcc_ex.c.obj
LOAD CMakeFiles/BLDCF407.elf.dir/Drivers/STM32F4xx_HAL_Driver/Src/stm32f4xx_hal_spi.c.obj
LOAD CMakeFiles/BLDCF407.elf.dir/Drivers/STM32F4xx_HAL_Driver/Src/stm32f4xx_hal_tim.c.obj
LOAD CMakeFiles/BLDCF407.elf.dir/Drivers/STM32F4xx_HAL_Driver/Src/stm32f4xx_hal_tim_ex.c.obj
LOAD CMakeFiles/BLDCF407.elf.dir/Drivers/STM32F4xx_HAL_Driver/Src/stm32f4xx_ll_adc.c.obj
LOAD CMakeFiles/BLDCF407.elf.dir/Middlewares/Third_Party/FreeRTOS/Source/CMSIS_RTOS/cmsis_os.c.obj
LOAD CMakeFiles/BLDCF407.elf.dir/Middlewares/Third_Party/FreeRTOS/Source/croutine.c.obj
LOAD CMakeFiles/BLDCF407.elf.dir/Middlewares/Third_Party/FreeRTOS/Source/event_groups.c.obj
LOAD CMakeFiles/BLDCF407.elf.dir/Middlewares/Third_Party/FreeRTOS/Source/list.c.obj
LOAD CMakeFiles/BLDCF407.elf.dir/Middlewares/Third_Party/FreeRTOS/Source/portable/GCC/ARM_CM4F/port.c.obj
LOAD CMakeFiles/BLDCF407.elf.dir/Middlewares/Third_Party/FreeRTOS/Source/portable/MemMang/heap_4.c.obj
LOAD CMakeFiles/BLDCF407.elf.dir/Middlewares/Third_Party/FreeRTOS/Source/queue.c.obj
LOAD CMakeFiles/BLDCF407.elf.dir/Middlewares/Third_Party/FreeRTOS/Source/stream_buffer.c.obj
LOAD CMakeFiles/BLDCF407.elf.dir/Middlewares/Third_Party/FreeRTOS/Source/tasks.c.obj
LOAD CMakeFiles/BLDCF407.elf.dir/Middlewares/Third_Party/FreeRTOS/Source/timers.c.obj
START GROUP
LOAD c:/gcc/gcc-arm-none-eabi-10.3-2021.10/bin/../lib/gcc/arm-none-eabi/10.3.1/thumb/v7e-m+fp/hard\libgcc.a
LOAD c:/gcc/gcc-arm-none-eabi-10.3-2021.10/bin/../lib/gcc/arm-none-eabi/10.3.1/../../../../arm-none-eabi/lib/thumb/v7e-m+fp/hard\libg.a
LOAD c:/gcc/gcc-arm-none-eabi-10.3-2021.10/bin/../lib/gcc/arm-none-eabi/10.3.1/../../../../arm-none-eabi/lib/thumb/v7e-m+fp/hard\libc.a
END GROUP
LOAD c:/gcc/gcc-arm-none-eabi-10.3-2021.10/bin/../lib/gcc/arm-none-eabi/10.3.1/thumb/v7e-m+fp/hard/crtend.o
LOAD c:/gcc/gcc-arm-none-eabi-10.3-2021.10/bin/../lib/gcc/arm-none-eabi/10.3.1/thumb/v7e-m+fp/hard/crtn.o
                0x20020000                _estack = (ORIGIN (RAM) + LENGTH (RAM))
                0x00000200                _Min_Heap_Size = 0x200
                0x00000400                _Min_Stack_Size = 0x400

.isr_vector     0x08000000      0x188
                0x08000000                . = ALIGN (0x4)
 *(.isr_vector)
 .isr_vector    0x08000000      0x188 CMakeFiles/BLDCF407.elf.dir/Core/Startup/startup_stm32f407igtx.s.obj
                0x08000000                g_pfnVectors
                0x08000188                . = ALIGN (0x4)

.text           0x08000190     0x194c
                0x08000190                . = ALIGN (0x4)
 *(.text)
 .text          0x08000190       0x40 c:/gcc/gcc-arm-none-eabi-10.3-2021.10/bin/../lib/gcc/arm-none-eabi/10.3.1/thumb/v7e-m+fp/hard/crtbegin.o
 .text          0x080001d0       0x30 c:/gcc/gcc-arm-none-eabi-10.3-2021.10/bin/../lib/gcc/arm-none-eabi/10.3.1/thumb/v7e-m+fp/hard\libgcc.a(_aeabi_uldivmod.o)
                0x080001d0                __aeabi_uldivmod
 .text          0x08000200      0x2d0 c:/gcc/gcc-arm-none-eabi-10.3-2021.10/bin/../lib/gcc/arm-none-eabi/10.3.1/thumb/v7e-m+fp/hard\libgcc.a(_udivmoddi4.o)
                0x08000200                __udivmoddi4
 .text          0x080004d0        0x4 c:/gcc/gcc-arm-none-eabi-10.3-2021.10/bin/../lib/gcc/arm-none-eabi/10.3.1/thumb/v7e-m+fp/hard\libgcc.a(_dvmd_tls.o)
                0x080004d0                __aeabi_idiv0
                0x080004d0                __aeabi_ldiv0
 *(.text*)
 .text.DRV8303_EN_GATE_GPIO_Init
                0x080004d4       0x68 CMakeFiles/BLDCF407.elf.dir/Core/Src/bsp_DRV8303.c.obj
                0x080004d4                DRV8303_EN_GATE_GPIO_Init
 .text.DRV8303_EN_GATE_HIGH
                0x0800053c       0x24 CMakeFiles/BLDCF407.elf.dir/Core/Src/bsp_DRV8303.c.obj
                0x0800053c                DRV8303_EN_GATE_HIGH
 .text.DRV8303_WriteWord
                0x08000560       0x44 CMakeFiles/BLDCF407.elf.dir/Core/Src/bsp_DRV8303.c.obj
                0x08000560                DRV8303_WriteWord
 .text.DRV8303_Init
                0x080005a4       0x94 CMakeFiles/BLDCF407.elf.dir/Core/Src/bsp_DRV8303.c.obj
                0x080005a4                DRV8303_Init
 .text.LED_GPIO_Config
                0x08000638       0xc0 CMakeFiles/BLDCF407.elf.dir/Core/Src/bsp_led.c.obj
                0x08000638                LED_GPIO_Config
 .text.SysTick_Delay_Ms
                0x080006f8       0x64 CMakeFiles/BLDCF407.elf.dir/Core/Src/core_delay.c.obj
                0x080006f8                SysTick_Delay_Ms
 .text.SystemClock_Config
                0x0800075c       0xb0 CMakeFiles/BLDCF407.elf.dir/Core/Src/main.c.obj
                0x0800075c                SystemClock_Config
 .text.main     0x0800080c       0x24 CMakeFiles/BLDCF407.elf.dir/Core/Src/main.c.obj
                0x0800080c                main
 .text.SPI1_GPIO_INIT
                0x08000830       0xac CMakeFiles/BLDCF407.elf.dir/Core/Src/spi.c.obj
                0x08000830                SPI1_GPIO_INIT
 .text.SPI3_GPIO_INIT
                0x080008dc       0xb4 CMakeFiles/BLDCF407.elf.dir/Core/Src/spi.c.obj
                0x080008dc                SPI3_GPIO_INIT
 .text.DRV8303_SPI1_Config
                0x08000990       0x60 CMakeFiles/BLDCF407.elf.dir/Core/Src/spi.c.obj
                0x08000990                DRV8303_SPI1_Config
 .text.DRV8303_SPI3_Config
                0x080009f0       0x60 CMakeFiles/BLDCF407.elf.dir/Core/Src/spi.c.obj
                0x080009f0                DRV8303_SPI3_Config
 .text.DRV8303_SPI_Init
                0x08000a50       0x14 CMakeFiles/BLDCF407.elf.dir/Core/Src/spi.c.obj
                0x08000a50                DRV8303_SPI_Init
 .text.SPI1_ReadWriteByte
                0x08000a64       0x38 CMakeFiles/BLDCF407.elf.dir/Core/Src/spi.c.obj
                0x08000a64                SPI1_ReadWriteByte
 .text.DRV8303_SPI1_ReadWrite
                0x08000a9c       0x4c CMakeFiles/BLDCF407.elf.dir/Core/Src/spi.c.obj
                0x08000a9c                DRV8303_SPI1_ReadWrite
 .text.SPI3_ReadWriteByte
                0x08000ae8       0x38 CMakeFiles/BLDCF407.elf.dir/Core/Src/spi.c.obj
                0x08000ae8                SPI3_ReadWriteByte
 .text.DRV8303_SPI3_ReadWrite
                0x08000b20       0x54 CMakeFiles/BLDCF407.elf.dir/Core/Src/spi.c.obj
                0x08000b20                DRV8303_SPI3_ReadWrite
 .text.HAL_MspInit
                0x08000b74       0x44 CMakeFiles/BLDCF407.elf.dir/Core/Src/stm32f4xx_hal_msp.c.obj
                0x08000b74                HAL_MspInit
 .text.NMI_Handler
                0x08000bb8        0x2 CMakeFiles/BLDCF407.elf.dir/Core/Src/stm32f4xx_it.c.obj
                0x08000bb8                NMI_Handler
 .text.HardFault_Handler
                0x08000bba        0x2 CMakeFiles/BLDCF407.elf.dir/Core/Src/stm32f4xx_it.c.obj
                0x08000bba                HardFault_Handler
 .text.MemManage_Handler
                0x08000bbc        0x2 CMakeFiles/BLDCF407.elf.dir/Core/Src/stm32f4xx_it.c.obj
                0x08000bbc                MemManage_Handler
 .text.BusFault_Handler
                0x08000bbe        0x2 CMakeFiles/BLDCF407.elf.dir/Core/Src/stm32f4xx_it.c.obj
                0x08000bbe                BusFault_Handler
 .text.UsageFault_Handler
                0x08000bc0        0x2 CMakeFiles/BLDCF407.elf.dir/Core/Src/stm32f4xx_it.c.obj
                0x08000bc0                UsageFault_Handler
 .text.DebugMon_Handler
                0x08000bc2        0x2 CMakeFiles/BLDCF407.elf.dir/Core/Src/stm32f4xx_it.c.obj
                0x08000bc2                DebugMon_Handler
 .text.SysTick_Handler
                0x08000bc4       0x16 CMakeFiles/BLDCF407.elf.dir/Core/Src/stm32f4xx_it.c.obj
                0x08000bc4                SysTick_Handler
 *fill*         0x08000bda        0x2 
 .text.SystemInit
                0x08000bdc       0x14 CMakeFiles/BLDCF407.elf.dir/Core/Src/system_stm32f4xx.c.obj
                0x08000bdc                SystemInit
 .text.Reset_Handler
                0x08000bf0       0x50 CMakeFiles/BLDCF407.elf.dir/Core/Startup/startup_stm32f407igtx.s.obj
                0x08000bf0                Reset_Handler
 .text.Default_Handler
                0x08000c40        0x2 CMakeFiles/BLDCF407.elf.dir/Core/Startup/startup_stm32f407igtx.s.obj
                0x08000c40                RTC_Alarm_IRQHandler
                0x08000c40                HASH_RNG_IRQHandler
                0x08000c40                EXTI2_IRQHandler
                0x08000c40                TIM8_CC_IRQHandler
                0x08000c40                TIM1_CC_IRQHandler
                0x08000c40                DMA2_Stream5_IRQHandler
                0x08000c40                DMA1_Stream5_IRQHandler
                0x08000c40                PVD_IRQHandler
                0x08000c40                SDIO_IRQHandler
                0x08000c40                TAMP_STAMP_IRQHandler
                0x08000c40                CAN2_RX1_IRQHandler
                0x08000c40                EXTI3_IRQHandler
                0x08000c40                TIM8_TRG_COM_TIM14_IRQHandler
                0x08000c40                TIM1_UP_TIM10_IRQHandler
                0x08000c40                TIM8_UP_TIM13_IRQHandler
                0x08000c40                I2C3_ER_IRQHandler
                0x08000c40                EXTI0_IRQHandler
                0x08000c40                I2C2_EV_IRQHandler
                0x08000c40                DMA1_Stream2_IRQHandler
                0x08000c40                CAN1_RX0_IRQHandler
                0x08000c40                FPU_IRQHandler
                0x08000c40                OTG_HS_WKUP_IRQHandler
                0x08000c40                CAN2_SCE_IRQHandler
                0x08000c40                DMA2_Stream2_IRQHandler
                0x08000c40                SPI1_IRQHandler
                0x08000c40                TIM6_DAC_IRQHandler
                0x08000c40                TIM1_BRK_TIM9_IRQHandler
                0x08000c40                DCMI_IRQHandler
                0x08000c40                CAN2_RX0_IRQHandler
                0x08000c40                DMA2_Stream3_IRQHandler
                0x08000c40                USART6_IRQHandler
                0x08000c40                USART3_IRQHandler
                0x08000c40                CAN1_RX1_IRQHandler
                0x08000c40                UART5_IRQHandler
                0x08000c40                DMA2_Stream0_IRQHandler
                0x08000c40                TIM4_IRQHandler
                0x08000c40                I2C1_EV_IRQHandler
                0x08000c40                DMA1_Stream6_IRQHandler
                0x08000c40                DMA1_Stream1_IRQHandler
                0x08000c40                UART4_IRQHandler
                0x08000c40                TIM3_IRQHandler
                0x08000c40                RCC_IRQHandler
                0x08000c40                TIM8_BRK_TIM12_IRQHandler
                0x08000c40                Default_Handler
                0x08000c40                EXTI15_10_IRQHandler
                0x08000c40                ADC_IRQHandler
                0x08000c40                DMA1_Stream7_IRQHandler
                0x08000c40                TIM7_IRQHandler
                0x08000c40                CAN2_TX_IRQHandler
                0x08000c40                TIM5_IRQHandler
                0x08000c40                DMA2_Stream7_IRQHandler
                0x08000c40                I2C3_EV_IRQHandler
                0x08000c40                EXTI9_5_IRQHandler
                0x08000c40                RTC_WKUP_IRQHandler
                0x08000c40                ETH_WKUP_IRQHandler
                0x08000c40                SPI2_IRQHandler
                0x08000c40                OTG_HS_EP1_IN_IRQHandler
                0x08000c40                DMA1_Stream0_IRQHandler
                0x08000c40                CAN1_TX_IRQHandler
                0x08000c40                EXTI4_IRQHandler
                0x08000c40                FSMC_IRQHandler
                0x08000c40                ETH_IRQHandler
                0x08000c40                OTG_HS_EP1_OUT_IRQHandler
                0x08000c40                WWDG_IRQHandler
                0x08000c40                TIM2_IRQHandler
                0x08000c40                OTG_FS_WKUP_IRQHandler
                0x08000c40                TIM1_TRG_COM_TIM11_IRQHandler
                0x08000c40                OTG_HS_IRQHandler
                0x08000c40                EXTI1_IRQHandler
                0x08000c40                USART2_IRQHandler
                0x08000c40                I2C2_ER_IRQHandler
                0x08000c40                DMA2_Stream1_IRQHandler
                0x08000c40                CAN1_SCE_IRQHandler
                0x08000c40                FLASH_IRQHandler
                0x08000c40                DMA2_Stream4_IRQHandler
                0x08000c40                USART1_IRQHandler
                0x08000c40                OTG_FS_IRQHandler
                0x08000c40                SPI3_IRQHandler
                0x08000c40                DMA1_Stream4_IRQHandler
                0x08000c40                I2C1_ER_IRQHandler
                0x08000c40                DMA2_Stream6_IRQHandler
                0x08000c40                DMA1_Stream3_IRQHandler
 *fill*         0x08000c42        0x2 
 .text.HAL_InitTick
                0x08000c44       0x4c CMakeFiles/BLDCF407.elf.dir/Drivers/STM32F4xx_HAL_Driver/Src/stm32f4xx_hal.c.obj
                0x08000c44                HAL_InitTick
 .text.HAL_Init
                0x08000c90       0x34 CMakeFiles/BLDCF407.elf.dir/Drivers/STM32F4xx_HAL_Driver/Src/stm32f4xx_hal.c.obj
                0x08000c90                HAL_Init
 .text.HAL_IncTick
                0x08000cc4       0x18 CMakeFiles/BLDCF407.elf.dir/Drivers/STM32F4xx_HAL_Driver/Src/stm32f4xx_hal.c.obj
                0x08000cc4                HAL_IncTick
 .text.HAL_GetTick
                0x08000cdc        0xc CMakeFiles/BLDCF407.elf.dir/Drivers/STM32F4xx_HAL_Driver/Src/stm32f4xx_hal.c.obj
                0x08000cdc                HAL_GetTick
 .text.HAL_GetREVID
                0x08000ce8        0xc CMakeFiles/BLDCF407.elf.dir/Drivers/STM32F4xx_HAL_Driver/Src/stm32f4xx_hal.c.obj
                0x08000ce8                HAL_GetREVID
 .text.HAL_NVIC_SetPriorityGrouping
                0x08000cf4       0x24 CMakeFiles/BLDCF407.elf.dir/Drivers/STM32F4xx_HAL_Driver/Src/stm32f4xx_hal_cortex.c.obj
                0x08000cf4                HAL_NVIC_SetPriorityGrouping
 .text.HAL_NVIC_SetPriority
                0x08000d18       0x70 CMakeFiles/BLDCF407.elf.dir/Drivers/STM32F4xx_HAL_Driver/Src/stm32f4xx_hal_cortex.c.obj
                0x08000d18                HAL_NVIC_SetPriority
 .text.HAL_SYSTICK_Config
                0x08000d88       0x28 CMakeFiles/BLDCF407.elf.dir/Drivers/STM32F4xx_HAL_Driver/Src/stm32f4xx_hal_cortex.c.obj
                0x08000d88                HAL_SYSTICK_Config
 .text.HAL_GPIO_Init
                0x08000db0      0x1e4 CMakeFiles/BLDCF407.elf.dir/Drivers/STM32F4xx_HAL_Driver/Src/stm32f4xx_hal_gpio.c.obj
                0x08000db0                HAL_GPIO_Init
 .text.HAL_GPIO_WritePin
                0x08000f94        0xc CMakeFiles/BLDCF407.elf.dir/Drivers/STM32F4xx_HAL_Driver/Src/stm32f4xx_hal_gpio.c.obj
                0x08000f94                HAL_GPIO_WritePin
 .text.HAL_RCC_OscConfig
                0x08000fa0      0x3f8 CMakeFiles/BLDCF407.elf.dir/Drivers/STM32F4xx_HAL_Driver/Src/stm32f4xx_hal_rcc.c.obj
                0x08000fa0                HAL_RCC_OscConfig
 .text.HAL_RCC_GetSysClockFreq
                0x08001398       0xd4 CMakeFiles/BLDCF407.elf.dir/Drivers/STM32F4xx_HAL_Driver/Src/stm32f4xx_hal_rcc.c.obj
                0x08001398                HAL_RCC_GetSysClockFreq
 .text.HAL_RCC_ClockConfig
                0x0800146c      0x160 CMakeFiles/BLDCF407.elf.dir/Drivers/STM32F4xx_HAL_Driver/Src/stm32f4xx_hal_rcc.c.obj
                0x0800146c                HAL_RCC_ClockConfig
 .text.HAL_SPI_MspInit
                0x080015cc        0x2 CMakeFiles/BLDCF407.elf.dir/Drivers/STM32F4xx_HAL_Driver/Src/stm32f4xx_hal_spi.c.obj
                0x080015cc                HAL_SPI_MspInit
 .text.HAL_SPI_Init
                0x080015ce       0xbe CMakeFiles/BLDCF407.elf.dir/Drivers/STM32F4xx_HAL_Driver/Src/stm32f4xx_hal_spi.c.obj
                0x080015ce                HAL_SPI_Init
 .text.SPI_I2S_SendData
                0x0800168c        0x4 CMakeFiles/BLDCF407.elf.dir/Drivers/STM32F4xx_HAL_Driver/Src/stm32f4xx_hal_spi.c.obj
                0x0800168c                SPI_I2S_SendData
 .text.SPI_I2S_ReceiveData
                0x08001690        0x6 CMakeFiles/BLDCF407.elf.dir/Drivers/STM32F4xx_HAL_Driver/Src/stm32f4xx_hal_spi.c.obj
                0x08001690                SPI_I2S_ReceiveData
 .text.vListInsertEnd
                0x08001696       0x16 CMakeFiles/BLDCF407.elf.dir/Middlewares/Third_Party/FreeRTOS/Source/list.c.obj
                0x08001696                vListInsertEnd
 .text.uxListRemove
                0x080016ac       0x26 CMakeFiles/BLDCF407.elf.dir/Middlewares/Third_Party/FreeRTOS/Source/list.c.obj
                0x080016ac                uxListRemove
 *fill*         0x080016d2        0xe 
 .text.SVC_Handler
                0x080016e0       0x24 CMakeFiles/BLDCF407.elf.dir/Middlewares/Third_Party/FreeRTOS/Source/portable/GCC/ARM_CM4F/port.c.obj
                0x080016e0                SVC_Handler
 *fill*         0x08001704        0xc 
 .text.PendSV_Handler
                0x08001710       0x64 CMakeFiles/BLDCF407.elf.dir/Middlewares/Third_Party/FreeRTOS/Source/portable/GCC/ARM_CM4F/port.c.obj
                0x08001710                PendSV_Handler
 .text.xPortSysTickHandler
                0x08001774       0x2c CMakeFiles/BLDCF407.elf.dir/Middlewares/Third_Party/FreeRTOS/Source/portable/GCC/ARM_CM4F/port.c.obj
                0x08001774                xPortSysTickHandler
 .text.prvResetNextTaskUnblockTime
                0x080017a0       0x2c CMakeFiles/BLDCF407.elf.dir/Middlewares/Third_Party/FreeRTOS/Source/tasks.c.obj
 .text.xTaskIncrementTick
                0x080017cc      0x118 CMakeFiles/BLDCF407.elf.dir/Middlewares/Third_Party/FreeRTOS/Source/tasks.c.obj
                0x080017cc                xTaskIncrementTick
 .text.vTaskSwitchContext
                0x080018e4       0x98 CMakeFiles/BLDCF407.elf.dir/Middlewares/Third_Party/FreeRTOS/Source/tasks.c.obj
                0x080018e4                vTaskSwitchContext
 .text.xTaskGetSchedulerState
                0x0800197c       0x20 CMakeFiles/BLDCF407.elf.dir/Middlewares/Third_Party/FreeRTOS/Source/tasks.c.obj
                0x0800197c                xTaskGetSchedulerState
 .text.__libc_init_array
                0x0800199c       0x48 c:/gcc/gcc-arm-none-eabi-10.3-2021.10/bin/../lib/gcc/arm-none-eabi/10.3.1/../../../../arm-none-eabi/lib/thumb/v7e-m+fp/hard\libg.a(lib_a-init.o)
                0x0800199c                __libc_init_array
 .text.startup.register_fini
                0x080019e4       0x14 c:/gcc/gcc-arm-none-eabi-10.3-2021.10/bin/../lib/gcc/arm-none-eabi/10.3.1/../../../../arm-none-eabi/lib/thumb/v7e-m+fp/hard\libg.a(lib_a-__call_atexit.o)
 .text.atexit   0x080019f8        0xc c:/gcc/gcc-arm-none-eabi-10.3-2021.10/bin/../lib/gcc/arm-none-eabi/10.3.1/../../../../arm-none-eabi/lib/thumb/v7e-m+fp/hard\libg.a(lib_a-atexit.o)
                0x080019f8                atexit
 .text.__libc_fini_array
                0x08001a04       0x2c c:/gcc/gcc-arm-none-eabi-10.3-2021.10/bin/../lib/gcc/arm-none-eabi/10.3.1/../../../../arm-none-eabi/lib/thumb/v7e-m+fp/hard\libg.a(lib_a-fini.o)
                0x08001a04                __libc_fini_array
 .text.__retarget_lock_acquire_recursive
                0x08001a30        0x4 c:/gcc/gcc-arm-none-eabi-10.3-2021.10/bin/../lib/gcc/arm-none-eabi/10.3.1/../../../../arm-none-eabi/lib/thumb/v7e-m+fp/hard\libg.a(lib_a-lock.o)
                0x08001a30                __retarget_lock_acquire_recursive
 .text.__retarget_lock_release_recursive
                0x08001a34        0x4 c:/gcc/gcc-arm-none-eabi-10.3-2021.10/bin/../lib/gcc/arm-none-eabi/10.3.1/../../../../arm-none-eabi/lib/thumb/v7e-m+fp/hard\libg.a(lib_a-lock.o)
                0x08001a34                __retarget_lock_release_recursive
 .text.__register_exitproc
                0x08001a38       0x8c c:/gcc/gcc-arm-none-eabi-10.3-2021.10/bin/../lib/gcc/arm-none-eabi/10.3.1/../../../../arm-none-eabi/lib/thumb/v7e-m+fp/hard\libg.a(lib_a-__atexit.o)
                0x08001a38                __register_exitproc
 *(.glue_7)
 .glue_7        0x08001ac4        0x0 linker stubs
 *(.glue_7t)
 .glue_7t       0x08001ac4        0x0 linker stubs
 *(.eh_frame)
 .eh_frame      0x08001ac4        0x0 c:/gcc/gcc-arm-none-eabi-10.3-2021.10/bin/../lib/gcc/arm-none-eabi/10.3.1/thumb/v7e-m+fp/hard/crtbegin.o
 *(.init)
 .init          0x08001ac4        0x4 c:/gcc/gcc-arm-none-eabi-10.3-2021.10/bin/../lib/gcc/arm-none-eabi/10.3.1/thumb/v7e-m+fp/hard/crti.o
                0x08001ac4                _init
 .init          0x08001ac8        0x8 c:/gcc/gcc-arm-none-eabi-10.3-2021.10/bin/../lib/gcc/arm-none-eabi/10.3.1/thumb/v7e-m+fp/hard/crtn.o
 *(.fini)
 .fini          0x08001ad0        0x4 c:/gcc/gcc-arm-none-eabi-10.3-2021.10/bin/../lib/gcc/arm-none-eabi/10.3.1/thumb/v7e-m+fp/hard/crti.o
                0x08001ad0                _fini
 .fini          0x08001ad4        0x8 c:/gcc/gcc-arm-none-eabi-10.3-2021.10/bin/../lib/gcc/arm-none-eabi/10.3.1/thumb/v7e-m+fp/hard/crtn.o
                0x08001adc                . = ALIGN (0x4)
                0x08001adc                _etext = .

.vfp11_veneer   0x08001adc        0x0
 .vfp11_veneer  0x08001adc        0x0 linker stubs

.v4_bx          0x08001adc        0x0
 .v4_bx         0x08001adc        0x0 linker stubs

.iplt           0x08001adc        0x0
 .iplt          0x08001adc        0x0 c:/gcc/gcc-arm-none-eabi-10.3-2021.10/bin/../lib/gcc/arm-none-eabi/10.3.1/thumb/v7e-m+fp/hard/crtbegin.o

.rodata         0x08001adc       0x14
                0x08001adc                . = ALIGN (0x4)
 *(.rodata)
 *(.rodata*)
 .rodata.AHBPrescTable
                0x08001adc       0x10 CMakeFiles/BLDCF407.elf.dir/Core/Src/system_stm32f4xx.c.obj
                0x08001adc                AHBPrescTable
 .rodata._global_impure_ptr
                0x08001aec        0x4 c:/gcc/gcc-arm-none-eabi-10.3-2021.10/bin/../lib/gcc/arm-none-eabi/10.3.1/../../../../arm-none-eabi/lib/thumb/v7e-m+fp/hard\libg.a(lib_a-impure.o)
                0x08001aec                _global_impure_ptr
                0x08001af0                . = ALIGN (0x4)

.ARM.extab      0x08001af0        0x0
                0x08001af0                . = ALIGN (0x4)
 *(.ARM.extab* .gnu.linkonce.armextab.*)
                0x08001af0                . = ALIGN (0x4)

.ARM            0x08001af0        0x8
                0x08001af0                . = ALIGN (0x4)
                0x08001af0                __exidx_start = .
 *(.ARM.exidx*)
 .ARM.exidx     0x08001af0        0x8 c:/gcc/gcc-arm-none-eabi-10.3-2021.10/bin/../lib/gcc/arm-none-eabi/10.3.1/thumb/v7e-m+fp/hard\libgcc.a(_udivmoddi4.o)
                0x08001af8                __exidx_end = .
                0x08001af8                . = ALIGN (0x4)

.rel.dyn        0x08001af8        0x0
 .rel.iplt      0x08001af8        0x0 c:/gcc/gcc-arm-none-eabi-10.3-2021.10/bin/../lib/gcc/arm-none-eabi/10.3.1/thumb/v7e-m+fp/hard/crtbegin.o

.preinit_array  0x08001af8        0x0
                0x08001af8                . = ALIGN (0x4)
                0x08001af8                PROVIDE (__preinit_array_start = .)
 *(.preinit_array*)
                0x08001af8                PROVIDE (__preinit_array_end = .)
                0x08001af8                . = ALIGN (0x4)

.init_array     0x08001af8        0x8
                0x08001af8                . = ALIGN (0x4)
                0x08001af8                PROVIDE (__init_array_start = .)
 *(SORT_BY_NAME(.init_array.*))
 .init_array.00000
                0x08001af8        0x4 c:/gcc/gcc-arm-none-eabi-10.3-2021.10/bin/../lib/gcc/arm-none-eabi/10.3.1/../../../../arm-none-eabi/lib/thumb/v7e-m+fp/hard\libg.a(lib_a-__call_atexit.o)
 *(.init_array*)
 .init_array    0x08001afc        0x4 c:/gcc/gcc-arm-none-eabi-10.3-2021.10/bin/../lib/gcc/arm-none-eabi/10.3.1/thumb/v7e-m+fp/hard/crtbegin.o
                0x08001b00                PROVIDE (__init_array_end = .)
                0x08001b00                . = ALIGN (0x4)

.fini_array     0x08001b00        0x4
                0x08001b00                . = ALIGN (0x4)
                0x08001b00                PROVIDE (__fini_array_start = .)
 *(SORT_BY_NAME(.fini_array.*))
 *(.fini_array*)
 .fini_array    0x08001b00        0x4 c:/gcc/gcc-arm-none-eabi-10.3-2021.10/bin/../lib/gcc/arm-none-eabi/10.3.1/thumb/v7e-m+fp/hard/crtbegin.o
                0x08001b04                PROVIDE (__fini_array_end = .)
                0x08001b04                . = ALIGN (0x4)
                0x08001b04                _sidata = LOADADDR (.data)

.data           0x20000000      0x43c load address 0x08001b04
                0x20000000                . = ALIGN (0x4)
                0x20000000                _sdata = .
 *(.data)
 *(.data*)
 .data.SystemCoreClock
                0x20000000        0x4 CMakeFiles/BLDCF407.elf.dir/Core/Src/system_stm32f4xx.c.obj
                0x20000000                SystemCoreClock
 .data.uwTickFreq
                0x20000004        0x1 CMakeFiles/BLDCF407.elf.dir/Drivers/STM32F4xx_HAL_Driver/Src/stm32f4xx_hal.c.obj
                0x20000004                uwTickFreq
 *fill*         0x20000005        0x3 
 .data.uwTickPrio
                0x20000008        0x4 CMakeFiles/BLDCF407.elf.dir/Drivers/STM32F4xx_HAL_Driver/Src/stm32f4xx_hal.c.obj
                0x20000008                uwTickPrio
 *fill*         0x2000000c        0x4 
 .data.impure_data
                0x20000010      0x428 c:/gcc/gcc-arm-none-eabi-10.3-2021.10/bin/../lib/gcc/arm-none-eabi/10.3.1/../../../../arm-none-eabi/lib/thumb/v7e-m+fp/hard\libg.a(lib_a-impure.o)
 .data.__atexit_recursive_mutex
                0x20000438        0x4 c:/gcc/gcc-arm-none-eabi-10.3-2021.10/bin/../lib/gcc/arm-none-eabi/10.3.1/../../../../arm-none-eabi/lib/thumb/v7e-m+fp/hard\libg.a(lib_a-__call_atexit.o)
                0x20000438                __atexit_recursive_mutex
 *(.RamFunc)
 *(.RamFunc*)
                0x2000043c                . = ALIGN (0x4)
                0x2000043c                _edata = .
                0x08001f40                _siccmram = LOADADDR (.ccmram)

.igot.plt       0x2000043c        0x0 load address 0x08001f40
 .igot.plt      0x2000043c        0x0 c:/gcc/gcc-arm-none-eabi-10.3-2021.10/bin/../lib/gcc/arm-none-eabi/10.3.1/thumb/v7e-m+fp/hard/crtbegin.o

.ccmram         0x10000000        0x0 load address 0x08001f40
                0x10000000                . = ALIGN (0x4)
                0x10000000                _sccmram = .
 *(.ccmram)
 *(.ccmram*)
                0x10000000                . = ALIGN (0x4)
                0x10000000                _eccmram = .
                0x10000000                . = ALIGN (0x4)

.bss            0x2000043c       0xf4
                0x2000043c                _sbss = .
                0x2000043c                __bss_start__ = _sbss
 *(.bss)
 .bss           0x2000043c       0x1c c:/gcc/gcc-arm-none-eabi-10.3-2021.10/bin/../lib/gcc/arm-none-eabi/10.3.1/thumb/v7e-m+fp/hard/crtbegin.o
 *(.bss*)
 .bss.Re_vaule1
                0x20000458        0x2 CMakeFiles/BLDCF407.elf.dir/Core/Src/bsp_DRV8303.c.obj
                0x20000458                Re_vaule1
 .bss.Re_vaule2
                0x2000045a        0x2 CMakeFiles/BLDCF407.elf.dir/Core/Src/bsp_DRV8303.c.obj
                0x2000045a                Re_vaule2
 .bss.Re_vaule3
                0x2000045c        0x2 CMakeFiles/BLDCF407.elf.dir/Core/Src/bsp_DRV8303.c.obj
                0x2000045c                Re_vaule3
 .bss.Re_vaule4
                0x2000045e        0x2 CMakeFiles/BLDCF407.elf.dir/Core/Src/bsp_DRV8303.c.obj
                0x2000045e                Re_vaule4
 .bss.ReadReg   0x20000460        0x2 CMakeFiles/BLDCF407.elf.dir/Core/Src/bsp_DRV8303.c.obj
                0x20000460                ReadReg
 .bss.WtiteWord1
                0x20000462        0x2 CMakeFiles/BLDCF407.elf.dir/Core/Src/bsp_DRV8303.c.obj
                0x20000462                WtiteWord1
 .bss.WtiteWord2
                0x20000464        0x2 CMakeFiles/BLDCF407.elf.dir/Core/Src/bsp_DRV8303.c.obj
                0x20000464                WtiteWord2
 *fill*         0x20000466        0x2 
 .bss.hspi1     0x20000468        0x4 CMakeFiles/BLDCF407.elf.dir/Core/Src/spi.c.obj
                0x20000468                hspi1
 .bss.hspi3     0x2000046c        0x4 CMakeFiles/BLDCF407.elf.dir/Core/Src/spi.c.obj
                0x2000046c                hspi3
 .bss.uwTick    0x20000470        0x4 CMakeFiles/BLDCF407.elf.dir/Drivers/STM32F4xx_HAL_Driver/Src/stm32f4xx_hal.c.obj
                0x20000470                uwTick
 .bss.pxCurrentTCB
                0x20000474        0x4 CMakeFiles/BLDCF407.elf.dir/Middlewares/Third_Party/FreeRTOS/Source/tasks.c.obj
                0x20000474                pxCurrentTCB
 .bss.pxDelayedTaskList
                0x20000478        0x4 CMakeFiles/BLDCF407.elf.dir/Middlewares/Third_Party/FreeRTOS/Source/tasks.c.obj
 .bss.pxOverflowDelayedTaskList
                0x2000047c        0x4 CMakeFiles/BLDCF407.elf.dir/Middlewares/Third_Party/FreeRTOS/Source/tasks.c.obj
 .bss.pxReadyTasksLists
                0x20000480       0x8c CMakeFiles/BLDCF407.elf.dir/Middlewares/Third_Party/FreeRTOS/Source/tasks.c.obj
 .bss.uxSchedulerSuspended
                0x2000050c        0x4 CMakeFiles/BLDCF407.elf.dir/Middlewares/Third_Party/FreeRTOS/Source/tasks.c.obj
 .bss.uxTopReadyPriority
                0x20000510        0x4 CMakeFiles/BLDCF407.elf.dir/Middlewares/Third_Party/FreeRTOS/Source/tasks.c.obj
 .bss.xNextTaskUnblockTime
                0x20000514        0x4 CMakeFiles/BLDCF407.elf.dir/Middlewares/Third_Party/FreeRTOS/Source/tasks.c.obj
 .bss.xNumOfOverflows
                0x20000518        0x4 CMakeFiles/BLDCF407.elf.dir/Middlewares/Third_Party/FreeRTOS/Source/tasks.c.obj
 .bss.xPendedTicks
                0x2000051c        0x4 CMakeFiles/BLDCF407.elf.dir/Middlewares/Third_Party/FreeRTOS/Source/tasks.c.obj
 .bss.xSchedulerRunning
                0x20000520        0x4 CMakeFiles/BLDCF407.elf.dir/Middlewares/Third_Party/FreeRTOS/Source/tasks.c.obj
 .bss.xTickCount
                0x20000524        0x4 CMakeFiles/BLDCF407.elf.dir/Middlewares/Third_Party/FreeRTOS/Source/tasks.c.obj
 .bss.xYieldPending
                0x20000528        0x4 CMakeFiles/BLDCF407.elf.dir/Middlewares/Third_Party/FreeRTOS/Source/tasks.c.obj
 .bss.__lock___atexit_recursive_mutex
                0x2000052c        0x1 c:/gcc/gcc-arm-none-eabi-10.3-2021.10/bin/../lib/gcc/arm-none-eabi/10.3.1/../../../../arm-none-eabi/lib/thumb/v7e-m+fp/hard\libg.a(lib_a-lock.o)
                0x2000052c                __lock___atexit_recursive_mutex
 *(COMMON)
                0x20000530                . = ALIGN (0x4)
 *fill*         0x2000052d        0x3 
                0x20000530                _ebss = .
                0x20000530                __bss_end__ = _ebss

._user_heap_stack
                0x20000530      0x600
                0x20000530                . = ALIGN (0x8)
                [!provide]                PROVIDE (end = .)
                0x20000530                PROVIDE (_end = .)
                0x20000730                . = (. + _Min_Heap_Size)
 *fill*         0x20000530      0x200 
                0x20000b30                . = (. + _Min_Stack_Size)
 *fill*         0x20000730      0x400 
                0x20000b30                . = ALIGN (0x8)

/DISCARD/
 libc.a(*)
 libm.a(*)
 libgcc.a(*)

.ARM.attributes
                0x00000000       0x30
 *(.ARM.attributes)
 .ARM.attributes
                0x00000000       0x1e c:/gcc/gcc-arm-none-eabi-10.3-2021.10/bin/../lib/gcc/arm-none-eabi/10.3.1/thumb/v7e-m+fp/hard/crti.o
 .ARM.attributes
                0x0000001e       0x34 c:/gcc/gcc-arm-none-eabi-10.3-2021.10/bin/../lib/gcc/arm-none-eabi/10.3.1/thumb/v7e-m+fp/hard/crtbegin.o
 .ARM.attributes
                0x00000052       0x34 CMakeFiles/BLDCF407.elf.dir/Core/Src/bsp_DRV8303.c.obj
 .ARM.attributes
                0x00000086       0x34 CMakeFiles/BLDCF407.elf.dir/Core/Src/bsp_led.c.obj
 .ARM.attributes
                0x000000ba       0x34 CMakeFiles/BLDCF407.elf.dir/Core/Src/core_delay.c.obj
 .ARM.attributes
                0x000000ee       0x34 CMakeFiles/BLDCF407.elf.dir/Core/Src/main.c.obj
 .ARM.attributes
                0x00000122       0x34 CMakeFiles/BLDCF407.elf.dir/Core/Src/spi.c.obj
 .ARM.attributes
                0x00000156       0x34 CMakeFiles/BLDCF407.elf.dir/Core/Src/stm32f4xx_hal_msp.c.obj
 .ARM.attributes
                0x0000018a       0x34 CMakeFiles/BLDCF407.elf.dir/Core/Src/stm32f4xx_it.c.obj
 .ARM.attributes
                0x000001be       0x34 CMakeFiles/BLDCF407.elf.dir/Core/Src/system_stm32f4xx.c.obj
 .ARM.attributes
                0x000001f2       0x21 CMakeFiles/BLDCF407.elf.dir/Core/Startup/startup_stm32f407igtx.s.obj
 .ARM.attributes
                0x00000213       0x34 CMakeFiles/BLDCF407.elf.dir/Drivers/STM32F4xx_HAL_Driver/Src/stm32f4xx_hal.c.obj
 .ARM.attributes
                0x00000247       0x34 CMakeFiles/BLDCF407.elf.dir/Drivers/STM32F4xx_HAL_Driver/Src/stm32f4xx_hal_cortex.c.obj
 .ARM.attributes
                0x0000027b       0x34 CMakeFiles/BLDCF407.elf.dir/Drivers/STM32F4xx_HAL_Driver/Src/stm32f4xx_hal_gpio.c.obj
 .ARM.attributes
                0x000002af       0x34 CMakeFiles/BLDCF407.elf.dir/Drivers/STM32F4xx_HAL_Driver/Src/stm32f4xx_hal_rcc.c.obj
 .ARM.attributes
                0x000002e3       0x34 CMakeFiles/BLDCF407.elf.dir/Drivers/STM32F4xx_HAL_Driver/Src/stm32f4xx_hal_spi.c.obj
 .ARM.attributes
                0x00000317       0x34 CMakeFiles/BLDCF407.elf.dir/Middlewares/Third_Party/FreeRTOS/Source/list.c.obj
 .ARM.attributes
                0x0000034b       0x34 CMakeFiles/BLDCF407.elf.dir/Middlewares/Third_Party/FreeRTOS/Source/portable/GCC/ARM_CM4F/port.c.obj
 .ARM.attributes
                0x0000037f       0x34 CMakeFiles/BLDCF407.elf.dir/Middlewares/Third_Party/FreeRTOS/Source/tasks.c.obj
 .ARM.attributes
                0x000003b3       0x1e c:/gcc/gcc-arm-none-eabi-10.3-2021.10/bin/../lib/gcc/arm-none-eabi/10.3.1/thumb/v7e-m+fp/hard\libgcc.a(_aeabi_uldivmod.o)
 .ARM.attributes
                0x000003d1       0x34 c:/gcc/gcc-arm-none-eabi-10.3-2021.10/bin/../lib/gcc/arm-none-eabi/10.3.1/thumb/v7e-m+fp/hard\libgcc.a(_udivmoddi4.o)
 .ARM.attributes
                0x00000405       0x1e c:/gcc/gcc-arm-none-eabi-10.3-2021.10/bin/../lib/gcc/arm-none-eabi/10.3.1/thumb/v7e-m+fp/hard\libgcc.a(_dvmd_tls.o)
 .ARM.attributes
                0x00000423       0x34 c:/gcc/gcc-arm-none-eabi-10.3-2021.10/bin/../lib/gcc/arm-none-eabi/10.3.1/../../../../arm-none-eabi/lib/thumb/v7e-m+fp/hard\libg.a(lib_a-impure.o)
 .ARM.attributes
                0x00000457       0x34 c:/gcc/gcc-arm-none-eabi-10.3-2021.10/bin/../lib/gcc/arm-none-eabi/10.3.1/../../../../arm-none-eabi/lib/thumb/v7e-m+fp/hard\libg.a(lib_a-init.o)
 .ARM.attributes
                0x0000048b       0x34 c:/gcc/gcc-arm-none-eabi-10.3-2021.10/bin/../lib/gcc/arm-none-eabi/10.3.1/../../../../arm-none-eabi/lib/thumb/v7e-m+fp/hard\libg.a(lib_a-__call_atexit.o)
 .ARM.attributes
                0x000004bf       0x34 c:/gcc/gcc-arm-none-eabi-10.3-2021.10/bin/../lib/gcc/arm-none-eabi/10.3.1/../../../../arm-none-eabi/lib/thumb/v7e-m+fp/hard\libg.a(lib_a-atexit.o)
 .ARM.attributes
                0x000004f3       0x34 c:/gcc/gcc-arm-none-eabi-10.3-2021.10/bin/../lib/gcc/arm-none-eabi/10.3.1/../../../../arm-none-eabi/lib/thumb/v7e-m+fp/hard\libg.a(lib_a-fini.o)
 .ARM.attributes
                0x00000527       0x34 c:/gcc/gcc-arm-none-eabi-10.3-2021.10/bin/../lib/gcc/arm-none-eabi/10.3.1/../../../../arm-none-eabi/lib/thumb/v7e-m+fp/hard\libg.a(lib_a-lock.o)
 .ARM.attributes
                0x0000055b       0x34 c:/gcc/gcc-arm-none-eabi-10.3-2021.10/bin/../lib/gcc/arm-none-eabi/10.3.1/../../../../arm-none-eabi/lib/thumb/v7e-m+fp/hard\libg.a(lib_a-__atexit.o)
 .ARM.attributes
                0x0000058f       0x1e c:/gcc/gcc-arm-none-eabi-10.3-2021.10/bin/../lib/gcc/arm-none-eabi/10.3.1/thumb/v7e-m+fp/hard/crtn.o
OUTPUT(BLDCF407.elf elf32-littlearm)
LOAD linker stubs
LOAD c:/gcc/gcc-arm-none-eabi-10.3-2021.10/bin/../lib/gcc/arm-none-eabi/10.3.1/../../../../arm-none-eabi/lib/thumb/v7e-m+fp/hard\libc.a
LOAD c:/gcc/gcc-arm-none-eabi-10.3-2021.10/bin/../lib/gcc/arm-none-eabi/10.3.1/../../../../arm-none-eabi/lib/thumb/v7e-m+fp/hard\libm.a
LOAD c:/gcc/gcc-arm-none-eabi-10.3-2021.10/bin/../lib/gcc/arm-none-eabi/10.3.1/thumb/v7e-m+fp/hard\libgcc.a

.debug_info     0x00000000     0xb1f7
 .debug_info    0x00000000      0x66d CMakeFiles/BLDCF407.elf.dir/Core/Src/bsp_DRV8303.c.obj
 .debug_info    0x0000066d      0x480 CMakeFiles/BLDCF407.elf.dir/Core/Src/bsp_led.c.obj
 .debug_info    0x00000aed      0x805 CMakeFiles/BLDCF407.elf.dir/Core/Src/core_delay.c.obj
 .debug_info    0x000012f2      0x66d CMakeFiles/BLDCF407.elf.dir/Core/Src/main.c.obj
 .debug_info    0x0000195f      0xeed CMakeFiles/BLDCF407.elf.dir/Core/Src/spi.c.obj
 .debug_info    0x0000284c      0x4f8 CMakeFiles/BLDCF407.elf.dir/Core/Src/stm32f4xx_hal_msp.c.obj
 .debug_info    0x00002d44      0x149 CMakeFiles/BLDCF407.elf.dir/Core/Src/stm32f4xx_it.c.obj
 .debug_info    0x00002e8d      0x538 CMakeFiles/BLDCF407.elf.dir/Core/Src/system_stm32f4xx.c.obj
 .debug_info    0x000033c5       0x22 CMakeFiles/BLDCF407.elf.dir/Core/Startup/startup_stm32f407igtx.s.obj
 .debug_info    0x000033e7      0x9f0 CMakeFiles/BLDCF407.elf.dir/Drivers/STM32F4xx_HAL_Driver/Src/stm32f4xx_hal.c.obj
 .debug_info    0x00003dd7     0x1098 CMakeFiles/BLDCF407.elf.dir/Drivers/STM32F4xx_HAL_Driver/Src/stm32f4xx_hal_cortex.c.obj
 .debug_info    0x00004e6f      0x7b0 CMakeFiles/BLDCF407.elf.dir/Drivers/STM32F4xx_HAL_Driver/Src/stm32f4xx_hal_gpio.c.obj
 .debug_info    0x0000561f      0xb03 CMakeFiles/BLDCF407.elf.dir/Drivers/STM32F4xx_HAL_Driver/Src/stm32f4xx_hal_rcc.c.obj
 .debug_info    0x00006122     0x1efd CMakeFiles/BLDCF407.elf.dir/Drivers/STM32F4xx_HAL_Driver/Src/stm32f4xx_hal_spi.c.obj
 .debug_info    0x0000801f      0x2e0 CMakeFiles/BLDCF407.elf.dir/Middlewares/Third_Party/FreeRTOS/Source/list.c.obj
 .debug_info    0x000082ff      0x587 CMakeFiles/BLDCF407.elf.dir/Middlewares/Third_Party/FreeRTOS/Source/portable/GCC/ARM_CM4F/port.c.obj
 .debug_info    0x00008886     0x2971 CMakeFiles/BLDCF407.elf.dir/Middlewares/Third_Party/FreeRTOS/Source/tasks.c.obj

.debug_abbrev   0x00000000     0x1db4
 .debug_abbrev  0x00000000      0x178 CMakeFiles/BLDCF407.elf.dir/Core/Src/bsp_DRV8303.c.obj
 .debug_abbrev  0x00000178      0x132 CMakeFiles/BLDCF407.elf.dir/Core/Src/bsp_led.c.obj
 .debug_abbrev  0x000002aa      0x1de CMakeFiles/BLDCF407.elf.dir/Core/Src/core_delay.c.obj
 .debug_abbrev  0x00000488      0x17f CMakeFiles/BLDCF407.elf.dir/Core/Src/main.c.obj
 .debug_abbrev  0x00000607      0x20e CMakeFiles/BLDCF407.elf.dir/Core/Src/spi.c.obj
 .debug_abbrev  0x00000815      0x119 CMakeFiles/BLDCF407.elf.dir/Core/Src/stm32f4xx_hal_msp.c.obj
 .debug_abbrev  0x0000092e       0xa0 CMakeFiles/BLDCF407.elf.dir/Core/Src/stm32f4xx_it.c.obj
 .debug_abbrev  0x000009ce      0x119 CMakeFiles/BLDCF407.elf.dir/Core/Src/system_stm32f4xx.c.obj
 .debug_abbrev  0x00000ae7       0x12 CMakeFiles/BLDCF407.elf.dir/Core/Startup/startup_stm32f407igtx.s.obj
 .debug_abbrev  0x00000af9      0x206 CMakeFiles/BLDCF407.elf.dir/Drivers/STM32F4xx_HAL_Driver/Src/stm32f4xx_hal.c.obj
 .debug_abbrev  0x00000cff      0x36a CMakeFiles/BLDCF407.elf.dir/Drivers/STM32F4xx_HAL_Driver/Src/stm32f4xx_hal_cortex.c.obj
 .debug_abbrev  0x00001069      0x1ef CMakeFiles/BLDCF407.elf.dir/Drivers/STM32F4xx_HAL_Driver/Src/stm32f4xx_hal_gpio.c.obj
 .debug_abbrev  0x00001258      0x28a CMakeFiles/BLDCF407.elf.dir/Drivers/STM32F4xx_HAL_Driver/Src/stm32f4xx_hal_rcc.c.obj
 .debug_abbrev  0x000014e2      0x24e CMakeFiles/BLDCF407.elf.dir/Drivers/STM32F4xx_HAL_Driver/Src/stm32f4xx_hal_spi.c.obj
 .debug_abbrev  0x00001730      0x106 CMakeFiles/BLDCF407.elf.dir/Middlewares/Third_Party/FreeRTOS/Source/list.c.obj
 .debug_abbrev  0x00001836      0x26b CMakeFiles/BLDCF407.elf.dir/Middlewares/Third_Party/FreeRTOS/Source/portable/GCC/ARM_CM4F/port.c.obj
 .debug_abbrev  0x00001aa1      0x313 CMakeFiles/BLDCF407.elf.dir/Middlewares/Third_Party/FreeRTOS/Source/tasks.c.obj

.debug_loc      0x00000000     0x564d
 .debug_loc     0x00000000       0xf2 CMakeFiles/BLDCF407.elf.dir/Core/Src/bsp_DRV8303.c.obj
 .debug_loc     0x000000f2      0x184 CMakeFiles/BLDCF407.elf.dir/Core/Src/core_delay.c.obj
 .debug_loc     0x00000276       0xe8 CMakeFiles/BLDCF407.elf.dir/Core/Src/spi.c.obj
 .debug_loc     0x0000035e      0x158 CMakeFiles/BLDCF407.elf.dir/Core/Src/system_stm32f4xx.c.obj
 .debug_loc     0x000004b6      0x141 CMakeFiles/BLDCF407.elf.dir/Drivers/STM32F4xx_HAL_Driver/Src/stm32f4xx_hal.c.obj
 .debug_loc     0x000005f7      0x744 CMakeFiles/BLDCF407.elf.dir/Drivers/STM32F4xx_HAL_Driver/Src/stm32f4xx_hal_cortex.c.obj
 .debug_loc     0x00000d3b      0x520 CMakeFiles/BLDCF407.elf.dir/Drivers/STM32F4xx_HAL_Driver/Src/stm32f4xx_hal_gpio.c.obj
 .debug_loc     0x0000125b      0x58c CMakeFiles/BLDCF407.elf.dir/Drivers/STM32F4xx_HAL_Driver/Src/stm32f4xx_hal_rcc.c.obj
 .debug_loc     0x000017e7     0x1e12 CMakeFiles/BLDCF407.elf.dir/Drivers/STM32F4xx_HAL_Driver/Src/stm32f4xx_hal_spi.c.obj
 .debug_loc     0x000035f9       0xad CMakeFiles/BLDCF407.elf.dir/Middlewares/Third_Party/FreeRTOS/Source/list.c.obj
 .debug_loc     0x000036a6      0x124 CMakeFiles/BLDCF407.elf.dir/Middlewares/Third_Party/FreeRTOS/Source/portable/GCC/ARM_CM4F/port.c.obj
 .debug_loc     0x000037ca     0x1e83 CMakeFiles/BLDCF407.elf.dir/Middlewares/Third_Party/FreeRTOS/Source/tasks.c.obj

.debug_aranges  0x00000000      0x8a8
 .debug_aranges
                0x00000000       0x38 CMakeFiles/BLDCF407.elf.dir/Core/Src/bsp_DRV8303.c.obj
 .debug_aranges
                0x00000038       0x20 CMakeFiles/BLDCF407.elf.dir/Core/Src/bsp_led.c.obj
 .debug_aranges
                0x00000058       0x38 CMakeFiles/BLDCF407.elf.dir/Core/Src/core_delay.c.obj
 .debug_aranges
                0x00000090       0x28 CMakeFiles/BLDCF407.elf.dir/Core/Src/main.c.obj
 .debug_aranges
                0x000000b8       0x60 CMakeFiles/BLDCF407.elf.dir/Core/Src/spi.c.obj
 .debug_aranges
                0x00000118       0x20 CMakeFiles/BLDCF407.elf.dir/Core/Src/stm32f4xx_hal_msp.c.obj
 .debug_aranges
                0x00000138       0x50 CMakeFiles/BLDCF407.elf.dir/Core/Src/stm32f4xx_it.c.obj
 .debug_aranges
                0x00000188       0x28 CMakeFiles/BLDCF407.elf.dir/Core/Src/system_stm32f4xx.c.obj
 .debug_aranges
                0x000001b0       0x28 CMakeFiles/BLDCF407.elf.dir/Core/Startup/startup_stm32f407igtx.s.obj
 .debug_aranges
                0x000001d8       0xf0 CMakeFiles/BLDCF407.elf.dir/Drivers/STM32F4xx_HAL_Driver/Src/stm32f4xx_hal.c.obj
 .debug_aranges
                0x000002c8       0xa8 CMakeFiles/BLDCF407.elf.dir/Drivers/STM32F4xx_HAL_Driver/Src/stm32f4xx_hal_cortex.c.obj
 .debug_aranges
                0x00000370       0x58 CMakeFiles/BLDCF407.elf.dir/Drivers/STM32F4xx_HAL_Driver/Src/stm32f4xx_hal_gpio.c.obj
 .debug_aranges
                0x000003c8       0x88 CMakeFiles/BLDCF407.elf.dir/Drivers/STM32F4xx_HAL_Driver/Src/stm32f4xx_hal_rcc.c.obj
 .debug_aranges
                0x00000450      0x1e0 CMakeFiles/BLDCF407.elf.dir/Drivers/STM32F4xx_HAL_Driver/Src/stm32f4xx_hal_spi.c.obj
 .debug_aranges
                0x00000630       0x40 CMakeFiles/BLDCF407.elf.dir/Middlewares/Third_Party/FreeRTOS/Source/list.c.obj
 .debug_aranges
                0x00000670       0x80 CMakeFiles/BLDCF407.elf.dir/Middlewares/Third_Party/FreeRTOS/Source/portable/GCC/ARM_CM4F/port.c.obj
 .debug_aranges
                0x000006f0      0x1b8 CMakeFiles/BLDCF407.elf.dir/Middlewares/Third_Party/FreeRTOS/Source/tasks.c.obj

.debug_ranges   0x00000000      0x908
 .debug_ranges  0x00000000       0x28 CMakeFiles/BLDCF407.elf.dir/Core/Src/bsp_DRV8303.c.obj
 .debug_ranges  0x00000028       0x10 CMakeFiles/BLDCF407.elf.dir/Core/Src/bsp_led.c.obj
 .debug_ranges  0x00000038       0x28 CMakeFiles/BLDCF407.elf.dir/Core/Src/core_delay.c.obj
 .debug_ranges  0x00000060       0x18 CMakeFiles/BLDCF407.elf.dir/Core/Src/main.c.obj
 .debug_ranges  0x00000078       0x50 CMakeFiles/BLDCF407.elf.dir/Core/Src/spi.c.obj
 .debug_ranges  0x000000c8       0x10 CMakeFiles/BLDCF407.elf.dir/Core/Src/stm32f4xx_hal_msp.c.obj
 .debug_ranges  0x000000d8       0x40 CMakeFiles/BLDCF407.elf.dir/Core/Src/stm32f4xx_it.c.obj
 .debug_ranges  0x00000118       0x18 CMakeFiles/BLDCF407.elf.dir/Core/Src/system_stm32f4xx.c.obj
 .debug_ranges  0x00000130       0x20 CMakeFiles/BLDCF407.elf.dir/Core/Startup/startup_stm32f407igtx.s.obj
 .debug_ranges  0x00000150       0xe0 CMakeFiles/BLDCF407.elf.dir/Drivers/STM32F4xx_HAL_Driver/Src/stm32f4xx_hal.c.obj
 .debug_ranges  0x00000230       0xf8 CMakeFiles/BLDCF407.elf.dir/Drivers/STM32F4xx_HAL_Driver/Src/stm32f4xx_hal_cortex.c.obj
 .debug_ranges  0x00000328       0x48 CMakeFiles/BLDCF407.elf.dir/Drivers/STM32F4xx_HAL_Driver/Src/stm32f4xx_hal_gpio.c.obj
 .debug_ranges  0x00000370       0x90 CMakeFiles/BLDCF407.elf.dir/Drivers/STM32F4xx_HAL_Driver/Src/stm32f4xx_hal_rcc.c.obj
 .debug_ranges  0x00000400      0x1d0 CMakeFiles/BLDCF407.elf.dir/Drivers/STM32F4xx_HAL_Driver/Src/stm32f4xx_hal_spi.c.obj
 .debug_ranges  0x000005d0       0x30 CMakeFiles/BLDCF407.elf.dir/Middlewares/Third_Party/FreeRTOS/Source/list.c.obj
 .debug_ranges  0x00000600       0x88 CMakeFiles/BLDCF407.elf.dir/Middlewares/Third_Party/FreeRTOS/Source/portable/GCC/ARM_CM4F/port.c.obj
 .debug_ranges  0x00000688      0x280 CMakeFiles/BLDCF407.elf.dir/Middlewares/Third_Party/FreeRTOS/Source/tasks.c.obj

.debug_line     0x00000000     0x8f0f
 .debug_line    0x00000000      0x316 CMakeFiles/BLDCF407.elf.dir/Core/Src/bsp_DRV8303.c.obj
 .debug_line    0x00000316      0x220 CMakeFiles/BLDCF407.elf.dir/Core/Src/bsp_led.c.obj
 .debug_line    0x00000536      0x3f8 CMakeFiles/BLDCF407.elf.dir/Core/Src/core_delay.c.obj
 .debug_line    0x0000092e      0x334 CMakeFiles/BLDCF407.elf.dir/Core/Src/main.c.obj
 .debug_line    0x00000c62      0x562 CMakeFiles/BLDCF407.elf.dir/Core/Src/spi.c.obj
 .debug_line    0x000011c4      0x1dd CMakeFiles/BLDCF407.elf.dir/Core/Src/stm32f4xx_hal_msp.c.obj
 .debug_line    0x000013a1      0x2a8 CMakeFiles/BLDCF407.elf.dir/Core/Src/stm32f4xx_it.c.obj
 .debug_line    0x00001649      0x296 CMakeFiles/BLDCF407.elf.dir/Core/Src/system_stm32f4xx.c.obj
 .debug_line    0x000018df       0xa5 CMakeFiles/BLDCF407.elf.dir/Core/Startup/startup_stm32f407igtx.s.obj
 .debug_line    0x00001984      0x5cb CMakeFiles/BLDCF407.elf.dir/Drivers/STM32F4xx_HAL_Driver/Src/stm32f4xx_hal.c.obj
 .debug_line    0x00001f4f      0x7de CMakeFiles/BLDCF407.elf.dir/Drivers/STM32F4xx_HAL_Driver/Src/stm32f4xx_hal_cortex.c.obj
 .debug_line    0x0000272d      0x727 CMakeFiles/BLDCF407.elf.dir/Drivers/STM32F4xx_HAL_Driver/Src/stm32f4xx_hal_gpio.c.obj
 .debug_line    0x00002e54      0xb56 CMakeFiles/BLDCF407.elf.dir/Drivers/STM32F4xx_HAL_Driver/Src/stm32f4xx_hal_rcc.c.obj
 .debug_line    0x000039aa     0x2569 CMakeFiles/BLDCF407.elf.dir/Drivers/STM32F4xx_HAL_Driver/Src/stm32f4xx_hal_spi.c.obj
 .debug_line    0x00005f13      0x39f CMakeFiles/BLDCF407.elf.dir/Middlewares/Third_Party/FreeRTOS/Source/list.c.obj
 .debug_line    0x000062b2      0x750 CMakeFiles/BLDCF407.elf.dir/Middlewares/Third_Party/FreeRTOS/Source/portable/GCC/ARM_CM4F/port.c.obj
 .debug_line    0x00006a02     0x250d CMakeFiles/BLDCF407.elf.dir/Middlewares/Third_Party/FreeRTOS/Source/tasks.c.obj

.debug_str      0x00000000     0x33f5
 .debug_str     0x00000000      0x43b CMakeFiles/BLDCF407.elf.dir/Core/Src/bsp_DRV8303.c.obj
                                0x48b (size before relaxing)
 .debug_str     0x0000043b       0x43 CMakeFiles/BLDCF407.elf.dir/Core/Src/bsp_led.c.obj
                                0x385 (size before relaxing)
 .debug_str     0x0000047e      0x648 CMakeFiles/BLDCF407.elf.dir/Core/Src/core_delay.c.obj
                                0x850 (size before relaxing)
 .debug_str     0x00000ac6      0x1e7 CMakeFiles/BLDCF407.elf.dir/Core/Src/main.c.obj
                                0x519 (size before relaxing)
 .debug_str     0x00000cad      0x4b8 CMakeFiles/BLDCF407.elf.dir/Core/Src/spi.c.obj
                                0x8cc (size before relaxing)
 .debug_str     0x00001165       0x5e CMakeFiles/BLDCF407.elf.dir/Core/Src/stm32f4xx_hal_msp.c.obj
                                0x7ff (size before relaxing)
 .debug_str     0x000011c3       0xe4 CMakeFiles/BLDCF407.elf.dir/Core/Src/stm32f4xx_it.c.obj
                                0x290 (size before relaxing)
 .debug_str     0x000012a7       0x94 CMakeFiles/BLDCF407.elf.dir/Core/Src/system_stm32f4xx.c.obj
                                0x3b6 (size before relaxing)
 .debug_str     0x0000133b       0x53 CMakeFiles/BLDCF407.elf.dir/Core/Startup/startup_stm32f407igtx.s.obj
                                 0x85 (size before relaxing)
 .debug_str     0x0000138e      0x327 CMakeFiles/BLDCF407.elf.dir/Drivers/STM32F4xx_HAL_Driver/Src/stm32f4xx_hal.c.obj
                                0xb9b (size before relaxing)
 .debug_str     0x000016b5      0x3fe CMakeFiles/BLDCF407.elf.dir/Drivers/STM32F4xx_HAL_Driver/Src/stm32f4xx_hal_cortex.c.obj
                                0xc6d (size before relaxing)
 .debug_str     0x00001ab3      0x171 CMakeFiles/BLDCF407.elf.dir/Drivers/STM32F4xx_HAL_Driver/Src/stm32f4xx_hal_gpio.c.obj
                                0x521 (size before relaxing)
 .debug_str     0x00001c24      0x1c1 CMakeFiles/BLDCF407.elf.dir/Drivers/STM32F4xx_HAL_Driver/Src/stm32f4xx_hal_rcc.c.obj
                                0x747 (size before relaxing)
 .debug_str     0x00001de5      0x5ac CMakeFiles/BLDCF407.elf.dir/Drivers/STM32F4xx_HAL_Driver/Src/stm32f4xx_hal_spi.c.obj
                                0xc6a (size before relaxing)
 .debug_str     0x00002391      0x183 CMakeFiles/BLDCF407.elf.dir/Middlewares/Third_Party/FreeRTOS/Source/list.c.obj
                                0x343 (size before relaxing)
 .debug_str     0x00002514      0x2b6 CMakeFiles/BLDCF407.elf.dir/Middlewares/Third_Party/FreeRTOS/Source/portable/GCC/ARM_CM4F/port.c.obj
                                0x4c3 (size before relaxing)
 .debug_str     0x000027ca      0xc2b CMakeFiles/BLDCF407.elf.dir/Middlewares/Third_Party/FreeRTOS/Source/tasks.c.obj
                               0x105c (size before relaxing)

.comment        0x00000000       0x49
 .comment       0x00000000       0x49 CMakeFiles/BLDCF407.elf.dir/Core/Src/bsp_DRV8303.c.obj
                                 0x4a (size before relaxing)
 .comment       0x00000049       0x4a CMakeFiles/BLDCF407.elf.dir/Core/Src/bsp_led.c.obj
 .comment       0x00000049       0x4a CMakeFiles/BLDCF407.elf.dir/Core/Src/core_delay.c.obj
 .comment       0x00000049       0x4a CMakeFiles/BLDCF407.elf.dir/Core/Src/main.c.obj
 .comment       0x00000049       0x4a CMakeFiles/BLDCF407.elf.dir/Core/Src/spi.c.obj
 .comment       0x00000049       0x4a CMakeFiles/BLDCF407.elf.dir/Core/Src/stm32f4xx_hal_msp.c.obj
 .comment       0x00000049       0x4a CMakeFiles/BLDCF407.elf.dir/Core/Src/stm32f4xx_it.c.obj
 .comment       0x00000049       0x4a CMakeFiles/BLDCF407.elf.dir/Core/Src/system_stm32f4xx.c.obj
 .comment       0x00000049       0x4a CMakeFiles/BLDCF407.elf.dir/Drivers/STM32F4xx_HAL_Driver/Src/stm32f4xx_hal.c.obj
 .comment       0x00000049       0x4a CMakeFiles/BLDCF407.elf.dir/Drivers/STM32F4xx_HAL_Driver/Src/stm32f4xx_hal_cortex.c.obj
 .comment       0x00000049       0x4a CMakeFiles/BLDCF407.elf.dir/Drivers/STM32F4xx_HAL_Driver/Src/stm32f4xx_hal_gpio.c.obj
 .comment       0x00000049       0x4a CMakeFiles/BLDCF407.elf.dir/Drivers/STM32F4xx_HAL_Driver/Src/stm32f4xx_hal_rcc.c.obj
 .comment       0x00000049       0x4a CMakeFiles/BLDCF407.elf.dir/Drivers/STM32F4xx_HAL_Driver/Src/stm32f4xx_hal_spi.c.obj
 .comment       0x00000049       0x4a CMakeFiles/BLDCF407.elf.dir/Middlewares/Third_Party/FreeRTOS/Source/list.c.obj
 .comment       0x00000049       0x4a CMakeFiles/BLDCF407.elf.dir/Middlewares/Third_Party/FreeRTOS/Source/portable/GCC/ARM_CM4F/port.c.obj
 .comment       0x00000049       0x4a CMakeFiles/BLDCF407.elf.dir/Middlewares/Third_Party/FreeRTOS/Source/tasks.c.obj

.debug_frame    0x00000000     0x17b4
 .debug_frame   0x00000000       0x74 CMakeFiles/BLDCF407.elf.dir/Core/Src/bsp_DRV8303.c.obj
 .debug_frame   0x00000074       0x38 CMakeFiles/BLDCF407.elf.dir/Core/Src/bsp_led.c.obj
 .debug_frame   0x000000ac       0x60 CMakeFiles/BLDCF407.elf.dir/Core/Src/core_delay.c.obj
 .debug_frame   0x0000010c       0x48 CMakeFiles/BLDCF407.elf.dir/Core/Src/main.c.obj
 .debug_frame   0x00000154      0x108 CMakeFiles/BLDCF407.elf.dir/Core/Src/spi.c.obj
 .debug_frame   0x0000025c       0x2c CMakeFiles/BLDCF407.elf.dir/Core/Src/stm32f4xx_hal_msp.c.obj
 .debug_frame   0x00000288       0x88 CMakeFiles/BLDCF407.elf.dir/Core/Src/stm32f4xx_it.c.obj
 .debug_frame   0x00000310       0x30 CMakeFiles/BLDCF407.elf.dir/Core/Src/system_stm32f4xx.c.obj
 .debug_frame   0x00000340      0x1ec CMakeFiles/BLDCF407.elf.dir/Drivers/STM32F4xx_HAL_Driver/Src/stm32f4xx_hal.c.obj
 .debug_frame   0x0000052c      0x148 CMakeFiles/BLDCF407.elf.dir/Drivers/STM32F4xx_HAL_Driver/Src/stm32f4xx_hal_cortex.c.obj
 .debug_frame   0x00000674       0xd8 CMakeFiles/BLDCF407.elf.dir/Drivers/STM32F4xx_HAL_Driver/Src/stm32f4xx_hal_gpio.c.obj
 .debug_frame   0x0000074c      0x16c CMakeFiles/BLDCF407.elf.dir/Drivers/STM32F4xx_HAL_Driver/Src/stm32f4xx_hal_rcc.c.obj
 .debug_frame   0x000008b8      0x5c4 CMakeFiles/BLDCF407.elf.dir/Drivers/STM32F4xx_HAL_Driver/Src/stm32f4xx_hal_spi.c.obj
 .debug_frame   0x00000e7c       0x70 CMakeFiles/BLDCF407.elf.dir/Middlewares/Third_Party/FreeRTOS/Source/list.c.obj
 .debug_frame   0x00000eec      0x110 CMakeFiles/BLDCF407.elf.dir/Middlewares/Third_Party/FreeRTOS/Source/portable/GCC/ARM_CM4F/port.c.obj
 .debug_frame   0x00000ffc      0x58c CMakeFiles/BLDCF407.elf.dir/Middlewares/Third_Party/FreeRTOS/Source/tasks.c.obj
 .debug_frame   0x00001588       0x2c c:/gcc/gcc-arm-none-eabi-10.3-2021.10/bin/../lib/gcc/arm-none-eabi/10.3.1/thumb/v7e-m+fp/hard\libgcc.a(_aeabi_uldivmod.o)
 .debug_frame   0x000015b4       0x34 c:/gcc/gcc-arm-none-eabi-10.3-2021.10/bin/../lib/gcc/arm-none-eabi/10.3.1/thumb/v7e-m+fp/hard\libgcc.a(_udivmoddi4.o)
 .debug_frame   0x000015e8       0x2c c:/gcc/gcc-arm-none-eabi-10.3-2021.10/bin/../lib/gcc/arm-none-eabi/10.3.1/../../../../arm-none-eabi/lib/thumb/v7e-m+fp/hard\libg.a(lib_a-init.o)
 .debug_frame   0x00001614       0x68 c:/gcc/gcc-arm-none-eabi-10.3-2021.10/bin/../lib/gcc/arm-none-eabi/10.3.1/../../../../arm-none-eabi/lib/thumb/v7e-m+fp/hard\libg.a(lib_a-__call_atexit.o)
 .debug_frame   0x0000167c       0x20 c:/gcc/gcc-arm-none-eabi-10.3-2021.10/bin/../lib/gcc/arm-none-eabi/10.3.1/../../../../arm-none-eabi/lib/thumb/v7e-m+fp/hard\libg.a(lib_a-atexit.o)
 .debug_frame   0x0000169c       0x34 c:/gcc/gcc-arm-none-eabi-10.3-2021.10/bin/../lib/gcc/arm-none-eabi/10.3.1/../../../../arm-none-eabi/lib/thumb/v7e-m+fp/hard\libg.a(lib_a-fini.o)
 .debug_frame   0x000016d0       0xb0 c:/gcc/gcc-arm-none-eabi-10.3-2021.10/bin/../lib/gcc/arm-none-eabi/10.3.1/../../../../arm-none-eabi/lib/thumb/v7e-m+fp/hard\libg.a(lib_a-lock.o)
 .debug_frame   0x00001780       0x34 c:/gcc/gcc-arm-none-eabi-10.3-2021.10/bin/../lib/gcc/arm-none-eabi/10.3.1/../../../../arm-none-eabi/lib/thumb/v7e-m+fp/hard\libg.a(lib_a-__atexit.o)
